..\..\gui\DropBox.ui 
..\..\gui\LogViewDialog.ui 
..\..\gui\MainWindow.ui 
..\..\gui\MetaInfo.ui 
..\..\gui\ProcessingDialog.ui 
..\..\gui\SplashScreen.ui 
..\..\gui\UpdateDialog.ui 
..\..\gui\WorkingBanner.ui 
..\..\src\Decoder_AAC.cpp 
..\..\src\Decoder_Abstract.cpp 
..\..\src\Decoder_AC3.cpp 
..\..\src\Decoder_ADPCM.cpp 
..\..\src\Decoder_FLAC.cpp 
..\..\src\Decoder_MP3.cpp 
..\..\src\Decoder_Vorbis.cpp 
..\..\src\Decoder_Wave.cpp 
..\..\src\Decoder_WMA.cpp 
..\..\src\Dialog_About.cpp 
..\..\src\Dialog_DropBox.cpp 
..\..\src\Dialog_LogView.cpp 
..\..\src\Dialog_MainWindow.cpp 
..\..\src\Dialog_MetaInfo.cpp 
..\..\src\Dialog_Processing.cpp 
..\..\src\Dialog_SplashScreen.cpp 
..\..\src\Dialog_Update.cpp 
..\..\src\Dialog_WorkingBanner.cpp 
..\..\src\Encoder_AAC.cpp 
..\..\src\Encoder_Abstract.cpp 
..\..\src\Encoder_FLAC.cpp 
..\..\src\Encoder_MP3.cpp 
..\..\src\Encoder_Vorbis.cpp 
..\..\src\Encoder_Wave.cpp 
..\..\src\Filter_Abstract.cpp 
..\..\src\Filter_Downmix.cpp 
..\..\src\Genres.cpp 
..\..\src\Global.cpp 
..\..\src\LockedFile.cpp 
..\..\src\Main.cpp 
..\..\src\Model_AudioFile.cpp 
..\..\src\Model_FileList.cpp 
..\..\src\Model_FileSystem.cpp 
..\..\src\Model_MetaInfo.cpp 
..\..\src\Model_Progress.cpp 
..\..\src\Model_Settings.cpp 
..\..\src\Registry_Decoder.cpp 
..\..\src\Thread_FileAnalyzer.cpp 
..\..\src\Thread_Initialization.cpp 
..\..\src\Thread_MessageHandler.cpp 
..\..\src\Thread_MessageProducer.cpp 
..\..\src\Thread_Process.cpp 
..\..\src\Tool_Abstract.cpp 
..\..\src\WinSevenTaskbar.cpp 
..\..\src\Config.h 
..\..\src\Decoder_AAC.h 
..\..\src\Decoder_Abstract.h 
..\..\src\Decoder_AC3.h 
..\..\src\Decoder_ADPCM.h 
..\..\src\Decoder_FLAC.h 
..\..\src\Decoder_MP3.h 
..\..\src\Decoder_Vorbis.h 
..\..\src\Decoder_Wave.h 
..\..\src\Decoder_WMA.h 
..\..\src\Dialog_About.h 
..\..\src\Dialog_DropBox.h 
..\..\src\Dialog_LogView.h 
..\..\src\Dialog_MainWindow.h 
..\..\src\Dialog_MetaInfo.h 
..\..\src\Dialog_Processing.h 
..\..\src\Dialog_SplashScreen.h 
..\..\src\Dialog_Update.h 
..\..\src\Dialog_WorkingBanner.h 
..\..\src\Encoder_AAC.h 
..\..\src\Encoder_Abstract.h 
..\..\src\Encoder_FLAC.h 
..\..\src\Encoder_MP3.h 
..\..\src\Encoder_Vorbis.h 
..\..\src\Encoder_Wave.h 
..\..\src\Filter_Abstract.h 
..\..\src\Filter_Downmix.h 
..\..\src\Genres.h 
..\..\src\Global.h 
..\..\src\LockedFile.h 
..\..\src\Model_AudioFile.h 
..\..\src\Model_FileList.h 
..\..\src\Model_FileSystem.h 
..\..\src\Model_MetaInfo.h 
..\..\src\Model_Progress.h 
..\..\src\Model_Settings.h 
..\..\src\Registry_Decoder.h 
..\..\src\Resource.h 
..\..\src\Targetver.h 
..\..\src\Thread_FileAnalyzer.h 
..\..\src\Thread_Initialization.h 
..\..\src\Thread_MessageHandler.h 
..\..\src\Thread_MessageProducer.h 
..\..\src\Thread_Process.h 
..\..\src\Tool_Abstract.h 
..\..\src\WinSevenTaskbar.h 
