..\..\gui\AboutDialog.ui 
..\..\gui\CueSheetImport.ui 
..\..\gui\DropBox.ui 
..\..\gui\LogViewDialog.ui 
..\..\gui\MainWindow.ui 
..\..\gui\MetaInfo.ui 
..\..\gui\ProcessingDialog.ui 
..\..\gui\SplashScreen.ui 
..\..\gui\UpdateDialog.ui 
..\..\gui\WorkingBanner.ui 
..\..\src\Decoder_AAC.cpp 
..\..\src\Decoder_Abstract.cpp 
..\..\src\Decoder_AC3.cpp 
..\..\src\Decoder_ADPCM.cpp 
..\..\src\Decoder_ALAC.cpp 
..\..\src\Decoder_Avisynth.cpp 
..\..\src\Decoder_FLAC.cpp 
..\..\src\Decoder_MAC.cpp 
..\..\src\Decoder_MP3.cpp 
..\..\src\Decoder_Musepack.cpp 
..\..\src\Decoder_Opus.cpp 
..\..\src\Decoder_Shorten.cpp 
..\..\src\Decoder_Speex.cpp 
..\..\src\Decoder_TTA.cpp 
..\..\src\Decoder_Vorbis.cpp 
..\..\src\Decoder_Wave.cpp 
..\..\src\Decoder_WavPack.cpp 
..\..\src\Decoder_WMA.cpp 
..\..\src\Dialog_About.cpp 
..\..\src\Dialog_CueImport.cpp 
..\..\src\Dialog_DropBox.cpp 
..\..\src\Dialog_LogView.cpp 
..\..\src\Dialog_MainWindow.cpp 
..\..\src\Dialog_MetaInfo.cpp 
..\..\src\Dialog_Processing.cpp 
..\..\src\Dialog_SplashScreen.cpp 
..\..\src\Dialog_Update.cpp 
..\..\src\Dialog_WorkingBanner.cpp 
..\..\src\Encoder_AAC.cpp 
..\..\src\Encoder_AAC_FHG.cpp 
..\..\src\Encoder_AAC_QAAC.cpp 
..\..\src\Encoder_Abstract.cpp 
..\..\src\Encoder_AC3.cpp 
..\..\src\Encoder_DCA.cpp 
..\..\src\Encoder_FLAC.cpp 
..\..\src\Encoder_MP3.cpp 
..\..\src\Encoder_Opus.cpp 
..\..\src\Encoder_Vorbis.cpp 
..\..\src\Encoder_Wave.cpp 
..\..\src\Filter_Abstract.cpp 
..\..\src\Filter_Downmix.cpp 
..\..\src\Filter_Normalize.cpp 
..\..\src\Filter_Resample.cpp 
..\..\src\Filter_ToneAdjust.cpp 
..\..\src\Genres.cpp 
..\..\src\Global.cpp 
..\..\src\LockedFile.cpp 
..\..\src\Main.cpp 
..\..\src\Model_Artwork.cpp 
..\..\src\Model_AudioFile.cpp 
..\..\src\Model_CueSheet.cpp 
..\..\src\Model_FileList.cpp 
..\..\src\Model_FileSystem.cpp 
..\..\src\Model_MetaInfo.cpp 
..\..\src\Model_Progress.cpp 
..\..\src\Model_Settings.cpp 
..\..\src\PlaylistImporter.cpp 
..\..\src\Registry_Decoder.cpp 
..\..\src\ShellIntegration.cpp 
..\..\src\Thread_CPUObserver.cpp 
..\..\src\Thread_CueSplitter.cpp 
..\..\src\Thread_DiskObserver.cpp 
..\..\src\Thread_FileAnalyzer.cpp 
..\..\src\Thread_FileAnalyzer_ST.cpp 
..\..\src\Thread_FileAnalyzer_Task.cpp 
..\..\src\Thread_Initialization.cpp 
..\..\src\Thread_MessageHandler.cpp 
..\..\src\Thread_MessageProducer.cpp 
..\..\src\Thread_Process.cpp 
..\..\src\Thread_RAMObserver.cpp 
..\..\src\Tool_Abstract.cpp 
..\..\src\Tool_WaveProperties.cpp 
..\..\src\WinMain.cpp 
..\..\src\WinSevenTaskbar.cpp 
..\..\src\Config.h 
..\..\src\CustomEventFilter.h 
..\..\src\Decoder_AAC.h 
..\..\src\Decoder_Abstract.h 
..\..\src\Decoder_AC3.h 
..\..\src\Decoder_ADPCM.h 
..\..\src\Decoder_ALAC.h 
..\..\src\Decoder_Avisynth.h 
..\..\src\Decoder_FLAC.h 
..\..\src\Decoder_MAC.h 
..\..\src\Decoder_MP3.h 
..\..\src\Decoder_Musepack.h 
..\..\src\Decoder_Opus.h 
..\..\src\Decoder_Shorten.h 
..\..\src\Decoder_Speex.h 
..\..\src\Decoder_TTA.h 
..\..\src\Decoder_Vorbis.h 
..\..\src\Decoder_Wave.h 
..\..\src\Decoder_WavPack.h 
..\..\src\Decoder_WMA.h 
..\..\src\Dialog_About.h 
..\..\src\Dialog_CueImport.h 
..\..\src\Dialog_DropBox.h 
..\..\src\Dialog_LogView.h 
..\..\src\Dialog_MainWindow.h 
..\..\src\Dialog_MetaInfo.h 
..\..\src\Dialog_Processing.h 
..\..\src\Dialog_SplashScreen.h 
..\..\src\Dialog_Update.h 
..\..\src\Dialog_WorkingBanner.h 
..\..\src\Encoder_AAC.h 
..\..\src\Encoder_AAC_FHG.h 
..\..\src\Encoder_AAC_QAAC.h 
..\..\src\Encoder_Abstract.h 
..\..\src\Encoder_AC3.h 
..\..\src\Encoder_DCA.h 
..\..\src\Encoder_FLAC.h 
..\..\src\Encoder_MP3.h 
..\..\src\Encoder_Opus.h 
..\..\src\Encoder_Vorbis.h 
..\..\src\Encoder_Wave.h 
..\..\src\Filter_Abstract.h 
..\..\src\Filter_Downmix.h 
..\..\src\Filter_Normalize.h 
..\..\src\Filter_Resample.h 
..\..\src\Filter_ToneAdjust.h 
..\..\src\Genres.h 
..\..\src\Global.h 
..\..\src\LockedFile.h 
..\..\src\Model_Artwork.h 
..\..\src\Model_AudioFile.h 
..\..\src\Model_CueSheet.h 
..\..\src\Model_FileList.h 
..\..\src\Model_FileSystem.h 
..\..\src\Model_MetaInfo.h 
..\..\src\Model_Progress.h 
..\..\src\Model_Settings.h 
..\..\src\PlaylistImporter.h 
..\..\src\Registry_Decoder.h 
..\..\src\Resource.h 
..\..\src\ShellIntegration.h 
..\..\src\Targetver.h 
..\..\src\Thread_CPUObserver.h 
..\..\src\Thread_CueSplitter.h 
..\..\src\Thread_DiskObserver.h 
..\..\src\Thread_FileAnalyzer.h 
..\..\src\Thread_FileAnalyzer_ST.h 
..\..\src\Thread_FileAnalyzer_Task.h 
..\..\src\Thread_Initialization.h 
..\..\src\Thread_MessageHandler.h 
..\..\src\Thread_MessageProducer.h 
..\..\src\Thread_Process.h 
..\..\src\Thread_RAMObserver.h 
..\..\src\Tools.h 
..\..\src\Tool_Abstract.h 
..\..\src\Tool_WaveProperties.h 
..\..\src\WinSevenTaskbar.h 
